loading M5 -> M15 ...
A leg ...
D leg ...
COBRAX rr3.0 ...
  A=10649 D=17316 A+D=27965  COBRAX=1718
  net-R: A+D=7655  COBRAX=617

  REAL EquitySizer — A+D alone  vs  A+D + COBRAX (rr3.0, one account)
    risk  start |         A+D $     minEq |   A+D+COBRAX $     minEq |   uplift
[SIZER] stop_distance 0.4000 < min 0.5000 for XAUUSD.ecn — rejecting
[SIZER] stop_distance 0.4000 < min 0.5000 for XAUUSD.ecn — rejecting
[SIZER] stop_distance 0.4000 < min 0.5000 for XAUUSD.ecn — rejecting
[SIZER] stop_distance 0.4500 < min 0.5000 for XAUUSD.ecn — rejecting
[SIZER] stop_distance 0.4500 < min 0.5000 for XAUUSD.ecn — rejecting
[SIZER] stop_distance 0.2500 < min 0.5000 for XAUUSD.ecn — rejecting
[SIZER] stop_distance 0.3500 < min 0.5000 for XAUUSD.ecn — rejecting
[SIZER] stop_distance 0.3500 < min 0.5000 for XAUUSD.ecn — rejecting
[SIZER] stop_distance 0.3600 < min 0.5000 for XAUUSD.ecn — rejecting
[SIZER] stop_distance 0.3500 < min 0.5000 for XAUUSD.ecn — rejecting
[SIZER] stop_distance 0.3800 < min 0.5000 for XAUUSD.ecn — rejecting
[SIZER] stop_distance 0.2200 < min 0.5000 for XAUUSD.ecn — rejecting
[SIZER] stop_distance 0.3200 < min 0.5000 for XAUUSD.ecn — rejecting
[SIZER] stop_distance 0.2950 < min 0.5000 for XAUUSD.ecn — rejecting
[SIZER] stop_distance 0.2200 < min 0.5000 for XAUUSD.ecn — rejecting
[SIZER] stop_distance 0.4640 < min 0.5000 for XAUUSD.ecn — rejecting
[SIZER] stop_distance 0.4670 < min 0.5000 for XAUUSD.ecn — rejecting
[SIZER] stop_distance 0.4220 < min 0.5000 for XAUUSD.ecn — rejecting
[SIZER] stop_distance 0.4460 < min 0.5000 for XAUUSD.ecn — rejecting
[SIZER] stop_distance 0.4810 < min 0.5000 for XAUUSD.ecn — rejecting
[SIZER] stop_distance 0.4130 < min 0.5000 for XAUUSD.ecn — rejecting
[SIZER] stop_distance 0.3630 < min 0.5000 for XAUUSD.ecn — rejecting
[SIZER] stop_distance 0.2300 < min 0.5000 for XAUUSD.ecn — rejecting
[SIZER] stop_distance 0.4800 < min 0.5000 for XAUUSD.ecn — rejecting
[SIZER] stop_distance 0.3350 < min 0.5000 for XAUUSD.ecn — rejecting
[SIZER] stop_distance 0.4130 < min 0.5000 for XAUUSD.ecn — rejecting
[SIZER] stop_distance 0.4070 < min 0.5000 for XAUUSD.ecn — rejecting
[SIZER] stop_distance 0.4710 < min 0.5000 for XAUUSD.ecn — rejecting
[SIZER] stop_distance 0.3880 < min 0.5000 for XAUUSD.ecn — rejecting
[SIZER] stop_distance 0.4980 < min 0.5000 for XAUUSD.ecn — rejecting
[SIZER] stop_distance 0.4430 < min 0.5000 for XAUUSD.ecn — rejecting
[SIZER] stop_distance 0.3000 < min 0.5000 for XAUUSD.ecn — rejecting
[SIZER] stop_distance 0.2980 < min 0.5000 for XAUUSD.ecn — rejecting
[SIZER] stop_distance 0.3140 < min 0.5000 for XAUUSD.ecn — rejecting
[SIZER] stop_distance 0.4880 < min 0.5000 for XAUUSD.ecn — rejecting
[SIZER] stop_distance 0.4950 < min 0.5000 for XAUUSD.ecn — rejecting
[SIZER] stop_distance 0.4100 < min 0.5000 for XAUUSD.ecn — rejecting
[SIZER] stop_distance 0.3500 < min 0.5000 for XAUUSD.ecn — rejecting
[SIZER] stop_distance 0.3750 < min 0.5000 for XAUUSD.ecn — rejecting
    1.5% $5k | $    766,468 $  1,567 | $     855,199 $  1,793 |  +11.6%
[SIZER] stop_distance 0.4000 < min 0.5000 for XAUUSD.ecn — rejecting
[SIZER] stop_distance 0.4000 < min 0.5000 for XAUUSD.ecn — rejecting
[SIZER] stop_distance 0.4000 < min 0.5000 for XAUUSD.ecn — rejecting
[SIZER] stop_distance 0.4500 < min 0.5000 for XAUUSD.ecn — rejecting
[SIZER] stop_distance 0.4500 < min 0.5000 for XAUUSD.ecn — rejecting
[SIZER] stop_distance 0.2500 < min 0.5000 for XAUUSD.ecn — rejecting
[SIZER] stop_distance 0.3500 < min 0.5000 for XAUUSD.ecn — rejecting
[SIZER] stop_distance 0.3500 < min 0.5000 for XAUUSD.ecn — rejecting
[SIZER] stop_distance 0.3600 < min 0.5000 for XAUUSD.ecn — rejecting
[SIZER] stop_distance 0.3500 < min 0.5000 for XAUUSD.ecn — rejecting
[SIZER] stop_distance 0.3800 < min 0.5000 for XAUUSD.ecn — rejecting
[SIZER] stop_distance 0.2200 < min 0.5000 for XAUUSD.ecn — rejecting
[SIZER] stop_distance 0.3200 < min 0.5000 for XAUUSD.ecn — rejecting
[SIZER] stop_distance 0.2950 < min 0.5000 for XAUUSD.ecn — rejecting
[SIZER] stop_distance 0.2200 < min 0.5000 for XAUUSD.ecn — rejecting
[SIZER] stop_distance 0.4640 < min 0.5000 for XAUUSD.ecn — rejecting
[SIZER] stop_distance 0.4670 < min 0.5000 for XAUUSD.ecn — rejecting
[SIZER] stop_distance 0.4220 < min 0.5000 for XAUUSD.ecn — rejecting
[SIZER] stop_distance 0.4460 < min 0.5000 for XAUUSD.ecn — rejecting
[SIZER] stop_distance 0.4810 < min 0.5000 for XAUUSD.ecn — rejecting
[SIZER] stop_distance 0.4130 < min 0.5000 for XAUUSD.ecn — rejecting
[SIZER] stop_distance 0.3630 < min 0.5000 for XAUUSD.ecn — rejecting
[SIZER] stop_distance 0.2300 < min 0.5000 for XAUUSD.ecn — rejecting
[SIZER] stop_distance 0.4800 < min 0.5000 for XAUUSD.ecn — rejecting
[SIZER] stop_distance 0.3350 < min 0.5000 for XAUUSD.ecn — rejecting
[SIZER] stop_distance 0.4130 < min 0.5000 for XAUUSD.ecn — rejecting
[SIZER] stop_distance 0.4070 < min 0.5000 for XAUUSD.ecn — rejecting
[SIZER] stop_distance 0.4710 < min 0.5000 for XAUUSD.ecn — rejecting
[SIZER] stop_distance 0.3880 < min 0.5000 for XAUUSD.ecn — rejecting
[SIZER] stop_distance 0.4980 < min 0.5000 for XAUUSD.ecn — rejecting
[SIZER] stop_distance 0.4430 < min 0.5000 for XAUUSD.ecn — rejecting
[SIZER] stop_distance 0.3000 < min 0.5000 for XAUUSD.ecn — rejecting
[SIZER] stop_distance 0.2980 < min 0.5000 for XAUUSD.ecn — rejecting
[SIZER] stop_distance 0.3140 < min 0.5000 for XAUUSD.ecn — rejecting
[SIZER] stop_distance 0.4880 < min 0.5000 for XAUUSD.ecn — rejecting
[SIZER] stop_distance 0.4950 < min 0.5000 for XAUUSD.ecn — rejecting
[SIZER] stop_distance 0.4100 < min 0.5000 for XAUUSD.ecn — rejecting
[SIZER] stop_distance 0.3500 < min 0.5000 for XAUUSD.ecn — rejecting
[SIZER] stop_distance 0.3750 < min 0.5000 for XAUUSD.ecn — rejecting
    1.5% $10k | $  1,564,142 $  3,121 | $   1,752,004 $  3,520 |  +12.0%
[SIZER] stop_distance 0.4000 < min 0.5000 for XAUUSD.ecn — rejecting
[SIZER] stop_distance 0.4000 < min 0.5000 for XAUUSD.ecn — rejecting
[SIZER] stop_distance 0.4000 < min 0.5000 for XAUUSD.ecn — rejecting
[SIZER] stop_distance 0.4500 < min 0.5000 for XAUUSD.ecn — rejecting
[SIZER] stop_distance 0.4500 < min 0.5000 for XAUUSD.ecn — rejecting
[SIZER] stop_distance 0.2500 < min 0.5000 for XAUUSD.ecn — rejecting
[SIZER] stop_distance 0.3500 < min 0.5000 for XAUUSD.ecn — rejecting
[SIZER] stop_distance 0.3500 < min 0.5000 for XAUUSD.ecn — rejecting
[SIZER] stop_distance 0.3600 < min 0.5000 for XAUUSD.ecn — rejecting
[SIZER] stop_distance 0.3500 < min 0.5000 for XAUUSD.ecn — rejecting
[SIZER] stop_distance 0.3800 < min 0.5000 for XAUUSD.ecn — rejecting
[SIZER] stop_distance 0.2200 < min 0.5000 for XAUUSD.ecn — rejecting
[SIZER] stop_distance 0.3200 < min 0.5000 for XAUUSD.ecn — rejecting
[SIZER] stop_distance 0.2950 < min 0.5000 for XAUUSD.ecn — rejecting
[SIZER] stop_distance 0.2200 < min 0.5000 for XAUUSD.ecn — rejecting
[SIZER] stop_distance 0.4640 < min 0.5000 for XAUUSD.ecn — rejecting
[SIZER] stop_distance 0.4670 < min 0.5000 for XAUUSD.ecn — rejecting
[SIZER] stop_distance 0.4220 < min 0.5000 for XAUUSD.ecn — rejecting
[SIZER] stop_distance 0.4460 < min 0.5000 for XAUUSD.ecn — rejecting
[SIZER] stop_distance 0.4810 < min 0.5000 for XAUUSD.ecn — rejecting
[SIZER] stop_distance 0.4130 < min 0.5000 for XAUUSD.ecn — rejecting
[SIZER] stop_distance 0.3630 < min 0.5000 for XAUUSD.ecn — rejecting
[SIZER] stop_distance 0.2300 < min 0.5000 for XAUUSD.ecn — rejecting
[SIZER] stop_distance 0.4800 < min 0.5000 for XAUUSD.ecn — rejecting
[SIZER] stop_distance 0.3350 < min 0.5000 for XAUUSD.ecn — rejecting
[SIZER] stop_distance 0.4130 < min 0.5000 for XAUUSD.ecn — rejecting
[SIZER] stop_distance 0.4070 < min 0.5000 for XAUUSD.ecn — rejecting
[SIZER] stop_distance 0.4710 < min 0.5000 for XAUUSD.ecn — rejecting
[SIZER] stop_distance 0.3880 < min 0.5000 for XAUUSD.ecn — rejecting
[SIZER] stop_distance 0.4980 < min 0.5000 for XAUUSD.ecn — rejecting
[SIZER] stop_distance 0.4430 < min 0.5000 for XAUUSD.ecn — rejecting
[SIZER] stop_distance 0.3000 < min 0.5000 for XAUUSD.ecn — rejecting
[SIZER] stop_distance 0.2980 < min 0.5000 for XAUUSD.ecn — rejecting
[SIZER] stop_distance 0.3140 < min 0.5000 for XAUUSD.ecn — rejecting
[SIZER] stop_distance 0.4880 < min 0.5000 for XAUUSD.ecn — rejecting
[SIZER] stop_distance 0.4950 < min 0.5000 for XAUUSD.ecn — rejecting
[SIZER] stop_distance 0.4100 < min 0.5000 for XAUUSD.ecn — rejecting
[SIZER] stop_distance 0.3500 < min 0.5000 for XAUUSD.ecn — rejecting
[SIZER] stop_distance 0.3750 < min 0.5000 for XAUUSD.ecn — rejecting
    2.5% $5k | $  1,761,532 $    538 | $   2,054,143 $    625 |  +16.6%
[SIZER] stop_distance 0.4000 < min 0.5000 for XAUUSD.ecn — rejecting
[SIZER] stop_distance 0.4000 < min 0.5000 for XAUUSD.ecn — rejecting
[SIZER] stop_distance 0.4000 < min 0.5000 for XAUUSD.ecn — rejecting
[SIZER] stop_distance 0.4500 < min 0.5000 for XAUUSD.ecn — rejecting
[SIZER] stop_distance 0.4500 < min 0.5000 for XAUUSD.ecn — rejecting
[SIZER] stop_distance 0.2500 < min 0.5000 for XAUUSD.ecn — rejecting
[SIZER] stop_distance 0.3500 < min 0.5000 for XAUUSD.ecn — rejecting
[SIZER] stop_distance 0.3500 < min 0.5000 for XAUUSD.ecn — rejecting
[SIZER] stop_distance 0.3600 < min 0.5000 for XAUUSD.ecn — rejecting
[SIZER] stop_distance 0.3500 < min 0.5000 for XAUUSD.ecn — rejecting
[SIZER] stop_distance 0.3800 < min 0.5000 for XAUUSD.ecn — rejecting
[SIZER] stop_distance 0.2200 < min 0.5000 for XAUUSD.ecn — rejecting
[SIZER] stop_distance 0.3200 < min 0.5000 for XAUUSD.ecn — rejecting
[SIZER] stop_distance 0.2950 < min 0.5000 for XAUUSD.ecn — rejecting
[SIZER] stop_distance 0.2200 < min 0.5000 for XAUUSD.ecn — rejecting
[SIZER] stop_distance 0.4640 < min 0.5000 for XAUUSD.ecn — rejecting
[SIZER] stop_distance 0.4670 < min 0.5000 for XAUUSD.ecn — rejecting
[SIZER] stop_distance 0.4220 < min 0.5000 for XAUUSD.ecn — rejecting
[SIZER] stop_distance 0.4460 < min 0.5000 for XAUUSD.ecn — rejecting
[SIZER] stop_distance 0.4810 < min 0.5000 for XAUUSD.ecn — rejecting
[SIZER] stop_distance 0.4130 < min 0.5000 for XAUUSD.ecn — rejecting
[SIZER] stop_distance 0.3630 < min 0.5000 for XAUUSD.ecn — rejecting
[SIZER] stop_distance 0.2300 < min 0.5000 for XAUUSD.ecn — rejecting
[SIZER] stop_distance 0.4800 < min 0.5000 for XAUUSD.ecn — rejecting
[SIZER] stop_distance 0.3350 < min 0.5000 for XAUUSD.ecn — rejecting
[SIZER] stop_distance 0.4130 < min 0.5000 for XAUUSD.ecn — rejecting
[SIZER] stop_distance 0.4070 < min 0.5000 for XAUUSD.ecn — rejecting
[SIZER] stop_distance 0.4710 < min 0.5000 for XAUUSD.ecn — rejecting
[SIZER] stop_distance 0.3880 < min 0.5000 for XAUUSD.ecn — rejecting
[SIZER] stop_distance 0.4980 < min 0.5000 for XAUUSD.ecn — rejecting
[SIZER] stop_distance 0.4430 < min 0.5000 for XAUUSD.ecn — rejecting
[SIZER] stop_distance 0.3000 < min 0.5000 for XAUUSD.ecn — rejecting
[SIZER] stop_distance 0.2980 < min 0.5000 for XAUUSD.ecn — rejecting
[SIZER] stop_distance 0.3140 < min 0.5000 for XAUUSD.ecn — rejecting
[SIZER] stop_distance 0.4880 < min 0.5000 for XAUUSD.ecn — rejecting
[SIZER] stop_distance 0.4950 < min 0.5000 for XAUUSD.ecn — rejecting
[SIZER] stop_distance 0.4100 < min 0.5000 for XAUUSD.ecn — rejecting
[SIZER] stop_distance 0.3500 < min 0.5000 for XAUUSD.ecn — rejecting
[SIZER] stop_distance 0.3750 < min 0.5000 for XAUUSD.ecn — rejecting
    2.5% $10k | $  3,574,040 $  1,057 | $   4,162,763 $  1,229 |  +16.5%
[SIZER] stop_distance 0.4000 < min 0.5000 for XAUUSD.ecn — rejecting
[SIZER] stop_distance 0.4000 < min 0.5000 for XAUUSD.ecn — rejecting
[SIZER] stop_distance 0.4000 < min 0.5000 for XAUUSD.ecn — rejecting
[SIZER] stop_distance 0.4500 < min 0.5000 for XAUUSD.ecn — rejecting
[SIZER] stop_distance 0.4500 < min 0.5000 for XAUUSD.ecn — rejecting
[SIZER] stop_distance 0.2500 < min 0.5000 for XAUUSD.ecn — rejecting
[SIZER] stop_distance 0.3500 < min 0.5000 for XAUUSD.ecn — rejecting
[SIZER] stop_distance 0.3500 < min 0.5000 for XAUUSD.ecn — rejecting
[SIZER] stop_distance 0.3600 < min 0.5000 for XAUUSD.ecn — rejecting
[SIZER] stop_distance 0.3500 < min 0.5000 for XAUUSD.ecn — rejecting
[SIZER] stop_distance 0.3800 < min 0.5000 for XAUUSD.ecn — rejecting
[SIZER] stop_distance 0.2200 < min 0.5000 for XAUUSD.ecn — rejecting
[SIZER] stop_distance 0.3200 < min 0.5000 for XAUUSD.ecn — rejecting
[SIZER] stop_distance 0.2950 < min 0.5000 for XAUUSD.ecn — rejecting
[SIZER] stop_distance 0.2200 < min 0.5000 for XAUUSD.ecn — rejecting
[SIZER] stop_distance 0.4640 < min 0.5000 for XAUUSD.ecn — rejecting
[SIZER] stop_distance 0.4670 < min 0.5000 for XAUUSD.ecn — rejecting
[SIZER] stop_distance 0.4220 < min 0.5000 for XAUUSD.ecn — rejecting
[SIZER] stop_distance 0.4460 < min 0.5000 for XAUUSD.ecn — rejecting
[SIZER] stop_distance 0.4810 < min 0.5000 for XAUUSD.ecn — rejecting
[SIZER] stop_distance 0.4130 < min 0.5000 for XAUUSD.ecn — rejecting
[SIZER] stop_distance 0.3630 < min 0.5000 for XAUUSD.ecn — rejecting
[SIZER] stop_distance 0.2300 < min 0.5000 for XAUUSD.ecn — rejecting
[SIZER] stop_distance 0.4800 < min 0.5000 for XAUUSD.ecn — rejecting
[SIZER] stop_distance 0.3350 < min 0.5000 for XAUUSD.ecn — rejecting
[SIZER] stop_distance 0.4130 < min 0.5000 for XAUUSD.ecn — rejecting
[SIZER] stop_distance 0.4070 < min 0.5000 for XAUUSD.ecn — rejecting
[SIZER] stop_distance 0.4710 < min 0.5000 for XAUUSD.ecn — rejecting
[SIZER] stop_distance 0.3880 < min 0.5000 for XAUUSD.ecn — rejecting
[SIZER] stop_distance 0.4980 < min 0.5000 for XAUUSD.ecn — rejecting
[SIZER] stop_distance 0.4430 < min 0.5000 for XAUUSD.ecn — rejecting
[SIZER] stop_distance 0.3000 < min 0.5000 for XAUUSD.ecn — rejecting
[SIZER] stop_distance 0.2980 < min 0.5000 for XAUUSD.ecn — rejecting
[SIZER] stop_distance 0.3140 < min 0.5000 for XAUUSD.ecn — rejecting
[SIZER] stop_distance 0.4880 < min 0.5000 for XAUUSD.ecn — rejecting
[SIZER] stop_distance 0.4950 < min 0.5000 for XAUUSD.ecn — rejecting
[SIZER] stop_distance 0.4100 < min 0.5000 for XAUUSD.ecn — rejecting
[SIZER] stop_distance 0.3500 < min 0.5000 for XAUUSD.ecn — rejecting
[SIZER] stop_distance 0.3750 < min 0.5000 for XAUUSD.ecn — rejecting
    3.0% $5k | $  2,633,375 $    289 | $   3,196,935 $ -3,983 |  +21.4%
[SIZER] stop_distance 0.4000 < min 0.5000 for XAUUSD.ecn — rejecting
[SIZER] stop_distance 0.4000 < min 0.5000 for XAUUSD.ecn — rejecting
[SIZER] stop_distance 0.4000 < min 0.5000 for XAUUSD.ecn — rejecting
[SIZER] stop_distance 0.4500 < min 0.5000 for XAUUSD.ecn — rejecting
[SIZER] stop_distance 0.4500 < min 0.5000 for XAUUSD.ecn — rejecting
[SIZER] stop_distance 0.2500 < min 0.5000 for XAUUSD.ecn — rejecting
[SIZER] stop_distance 0.3500 < min 0.5000 for XAUUSD.ecn — rejecting
[SIZER] stop_distance 0.3500 < min 0.5000 for XAUUSD.ecn — rejecting
[SIZER] stop_distance 0.3600 < min 0.5000 for XAUUSD.ecn — rejecting
[SIZER] stop_distance 0.3500 < min 0.5000 for XAUUSD.ecn — rejecting
[SIZER] stop_distance 0.3800 < min 0.5000 for XAUUSD.ecn — rejecting
[SIZER] stop_distance 0.2200 < min 0.5000 for XAUUSD.ecn — rejecting
[SIZER] stop_distance 0.3200 < min 0.5000 for XAUUSD.ecn — rejecting
[SIZER] stop_distance 0.2950 < min 0.5000 for XAUUSD.ecn — rejecting
[SIZER] stop_distance 0.2200 < min 0.5000 for XAUUSD.ecn — rejecting
[SIZER] stop_distance 0.4640 < min 0.5000 for XAUUSD.ecn — rejecting
[SIZER] stop_distance 0.4670 < min 0.5000 for XAUUSD.ecn — rejecting
[SIZER] stop_distance 0.4220 < min 0.5000 for XAUUSD.ecn — rejecting
[SIZER] stop_distance 0.4460 < min 0.5000 for XAUUSD.ecn — rejecting
[SIZER] stop_distance 0.4810 < min 0.5000 for XAUUSD.ecn — rejecting
[SIZER] stop_distance 0.4130 < min 0.5000 for XAUUSD.ecn — rejecting
[SIZER] stop_distance 0.3630 < min 0.5000 for XAUUSD.ecn — rejecting
[SIZER] stop_distance 0.2300 < min 0.5000 for XAUUSD.ecn — rejecting
[SIZER] stop_distance 0.4800 < min 0.5000 for XAUUSD.ecn — rejecting
[SIZER] stop_distance 0.3350 < min 0.5000 for XAUUSD.ecn — rejecting
[SIZER] stop_distance 0.4130 < min 0.5000 for XAUUSD.ecn — rejecting
[SIZER] stop_distance 0.4070 < min 0.5000 for XAUUSD.ecn — rejecting
[SIZER] stop_distance 0.4710 < min 0.5000 for XAUUSD.ecn — rejecting
[SIZER] stop_distance 0.3880 < min 0.5000 for XAUUSD.ecn — rejecting
[SIZER] stop_distance 0.4980 < min 0.5000 for XAUUSD.ecn — rejecting
[SIZER] stop_distance 0.4430 < min 0.5000 for XAUUSD.ecn — rejecting
[SIZER] stop_distance 0.3000 < min 0.5000 for XAUUSD.ecn — rejecting
[SIZER] stop_distance 0.2980 < min 0.5000 for XAUUSD.ecn — rejecting
[SIZER] stop_distance 0.3140 < min 0.5000 for XAUUSD.ecn — rejecting
[SIZER] stop_distance 0.4880 < min 0.5000 for XAUUSD.ecn — rejecting
[SIZER] stop_distance 0.4950 < min 0.5000 for XAUUSD.ecn — rejecting
[SIZER] stop_distance 0.4100 < min 0.5000 for XAUUSD.ecn — rejecting
[SIZER] stop_distance 0.3500 < min 0.5000 for XAUUSD.ecn — rejecting
[SIZER] stop_distance 0.3750 < min 0.5000 for XAUUSD.ecn — rejecting
    3.0% $10k | $  5,335,682 $    524 | $   6,476,648 $ -8,064 |  +21.4%
